<?xml version="1.0" encoding="utf-8"?><testsuites name="pytest tests"><testsuite name="pytest" errors="0" failures="0" skipped="0" tests="115" time="34.116" timestamp="2026-08-24T21:12:49.025402+03:00" hostname="tol4ikpc"><properties><property name="hypothesis-statistics-tests/test_candidates_sizing.py::test_position_size_is_never_negative" value="dGVzdHMvdGVzdF9jYW5kaWRhdGVzX3NpemluZy5weTo6dGVzdF9wb3NpdGlvbl9zaXplX2lzX25ldmVyX25lZ2F0aXZlOgoKICAtIGR1cmluZyBnZW5lcmF0ZSBwaGFzZSAoMC4xOCBzZWNvbmRzKToKICAgIC0gVHlwaWNhbCBydW50aW1lczogPCAxbXMsIG9mIHdoaWNoIDwgMW1zIGluIGRhdGEgZ2VuZXJhdGlvbgogICAgLSAxMDAgcGFzc2luZywgMCBmYWlsaW5nLCBhbmQgMCBpbnZhbGlkIHRlc3QgY2FzZXMKCiAgLSBTdG9wcGVkIGJlY2F1c2Ugc2V0dGluZ3MubWF4X2V4YW1wbGVzPTEwMA==" /></properties><testcase classname="tests.test_acceptance" name="test_statistical_stage_uses_entry_time_frozen_cohort_marks_and_all_costs" time="0.022" /><testcase classname="tests.test_acceptance" name="test_statistical_stage_fails_for_missing_cluster_marks_and_retention" time="0.006" /><testcase classname="tests.test_acceptance" name="test_statistical_stage_rejects_naive_database_timestamp" time="0.003" /><testcase classname="tests.test_acceptance" name="test_bundle_verifier_parses_distinct_artifacts_expected_revision_and_freshness" time="0.549" /><testcase classname="tests.test_acceptance" name="test_bundle_verifier_rejects_secret_bearing_artifact_and_accepts_uppercase_hash" time="0.006" /><testcase classname="tests.test_acceptance" name="test_statistical_stage_fails_closed_for_censoring_sparse_marks_and_cost_gap" time="0.006" /><testcase classname="tests.test_acceptance" name="test_protocol_and_runtime_timestamps_are_fail_closed" time="0.003" /><testcase classname="tests.test_acceptance" name="test_statistical_evaluator_rejects_trade_outside_frozen_interval" time="0.003" /><testcase classname="tests.test_acceptance" name="test_bundle_verifier_rejects_untrusted_hash_and_oversized_artifact" time="0.035" /><testcase classname="tests.test_acceptance" name="test_ci_writer_requires_revision_bound_gate_receipts" time="4.585" /><testcase classname="tests.test_acceptance" name="test_statistical_loader_fails_closed_on_config_cutoff_censoring_and_period_costs" time="0.320" /><testcase classname="tests.test_acceptance" name="test_operational_cost_ledger_is_idempotent_and_updates_equity" time="0.330" /><testcase classname="tests.test_acceptance" name="test_strategy_revision_rows_are_immutable" time="0.245" /><testcase classname="tests.test_api" name="test_day_endpoint_rejects_invalid_date" time="0.121" /><testcase classname="tests.test_api" name="test_health_live_alias_present" time="0.026" /><testcase classname="tests.test_api_lifecycle" name="test_api_lifespan_starts_notifier_before_runtime_and_queues_durable_alerts" time="0.027" /><testcase classname="tests.test_api_runtime_replay" name="test_api_skips_telegram_in_replay_mode" time="0.025" /><testcase classname="tests.test_api_runtime_replay" name="test_api_starts_telegram_not_in_replay_mode" time="0.024" /><testcase classname="tests.test_api_runtime_replay" name="test_runtime_quote_flags_set_from_config" time="0.013" /><testcase classname="tests.test_api_runtime_replay" name="test_api_startup_does_not_crash_on_notifier_send_failure" time="0.030" /><testcase classname="tests.test_broker" name="test_close_uses_requested_token_amount" time="0.003" /><testcase classname="tests.test_broker" name="test_close_more_than_position_rejected" time="0.002" /><testcase classname="tests.test_broker" name="test_open_idempotency_order_id_skips_new_quote_and_risk_calls" time="1.217" /><testcase classname="tests.test_broker" name="test_close_idempotency_order_id_skips_new_quote" time="1.212" /><testcase classname="tests.test_broker" name="test_close_half_idempotency_order_id_skips_new_quote" time="1.220" /><testcase classname="tests.test_candidates_sizing" name="test_state_machine_requires_two_consecutive_score_windows_and_emits_once" time="0.001" /><testcase classname="tests.test_candidates_sizing" name="test_invalid_state_transition_is_rejected" time="0.001" /><testcase classname="tests.test_candidates_sizing" name="test_position_sizing_matches_spec_example" time="0.001" /><testcase classname="tests.test_candidates_sizing" name="test_position_size_is_never_negative" time="0.182" /><testcase classname="tests.test_clustering_features_scoring" name="test_weak_wallet_signal_does_not_cluster_but_two_independent_signals_do" time="0.001" /><testcase classname="tests.test_clustering_features_scoring" name="test_feature_engine_is_duplicate_safe_and_anti_lookahead" time="0.002" /><testcase classname="tests.test_clustering_features_scoring" name="test_scoring_categories_are_capped_and_organic_case_exceeds_entry_score" time="0.002" /><testcase classname="tests.test_config" name="test_replay_mode_requires_quote_journal_path" time="0.003" /><testcase classname="tests.test_config" name="test_record_mode_requires_quote_journal_path" time="0.002" /><testcase classname="tests.test_config" name="test_quote_journal_path_optional_without_replay_or_record" time="0.002" /><testcase classname="tests.test_config" name="test_telegram_allowlist_supports_comma_separated_env_values" time="0.002" /><testcase classname="tests.test_config" name="test_release_revision_creates_distinct_immutable_strategy_identity" time="0.008" /><testcase classname="tests.test_daily_equity_loss" name="test_daily_loss_uses_equity_delta_not_absolute_overnight_unrealized" time="0.009" /><testcase classname="tests.test_database" name="test_database_event_and_outbox_idempotency" time="0.312" /><testcase classname="tests.test_database" name="test_failed_event_can_be_reclaimed_and_completed" time="0.249" /><testcase classname="tests.test_database" name="test_outbox_expired_send_is_uncertain_and_report_delivery_is_atomic" time="0.308" /><testcase classname="tests.test_database" name="test_daily_equity_bounds_preserve_historical_unrealized_pnl" time="0.225" /><testcase classname="tests.test_deterministic_ids" name="test_replay_seed_generates_deterministic_broker_and_ledger_ids" time="2.450" /><testcase classname="tests.test_deterministic_ids" name="test_replay_seed_generates_deterministic_close_ids" time="2.488" /><testcase classname="tests.test_enrichment_replay" name="test_dexscreener_replay_uses_journal_without_network" time="0.004" /><testcase classname="tests.test_enrichment_replay" name="test_external_journal_preserves_repeated_request_sequence" time="0.009" /><testcase classname="tests.test_events_protocols" name="test_pump_decoder_uses_official_event_discriminator" time="0.003" /><testcase classname="tests.test_events_protocols" name="test_unknown_anchor_discriminator_fails_closed" time="0.002" /><testcase classname="tests.test_events_protocols" name="test_event_deduplication_and_raw_zstd_round_trip" time="0.009" /><testcase classname="tests.test_events_protocols" name="test_event_id_rejects_noncanonical_value" time="0.001" /><testcase classname="tests.test_exit_engine" name="test_exit_engine_emits_no_exit_below_thresholds" time="0.000" /><testcase classname="tests.test_exit_engine" name="test_exit_engine_tp1_triggered" time="0.000" /><testcase classname="tests.test_exit_engine" name="test_exit_engine_tp1_is_not_skipped_when_price_already_above_tp2" time="0.000" /><testcase classname="tests.test_exit_engine" name="test_exit_engine_tp2_after_tp1" time="0.000" /><testcase classname="tests.test_exit_engine" name="test_exit_engine_trailing_stop_beats_time_stop" time="0.000" /><testcase classname="tests.test_exit_engine" name="test_exit_engine_stop_loss_triggered" time="0.000" /><testcase classname="tests.test_exit_engine" name="test_exit_engine_time_stop_when_expired" time="0.000" /><testcase classname="tests.test_jupiter_replay" name="test_replay_mode_reads_cached_journal_quote_without_network" time="0.006" /><testcase classname="tests.test_jupiter_replay" name="test_replay_mode_without_journal_data_raises" time="0.004" /><testcase classname="tests.test_jupiter_replay" name="test_record_mode_persists_quote_for_replay" time="0.013" /><testcase classname="tests.test_jupiter_replay" name="test_jupiter_provider_requires_journal_path_when_replay_or_record_enabled" time="0.001" /><testcase classname="tests.test_jupiter_replay" name="test_quote_journal_preserves_repeated_request_sequence" time="0.005" /><testcase classname="tests.test_ledger" name="test_reconcile_after_partial_close" time="0.006" /><testcase classname="tests.test_ledger" name="test_partial_close_keeps_position_without_final_exit_reason" time="0.005" /><testcase classname="tests.test_ledger" name="test_final_close_sets_final_exit_reason" time="0.005" /><testcase classname="tests.test_ledger" name="test_partial_close_scales_executable_marks_and_unrealized_value" time="0.006" /><testcase classname="tests.test_logging_setup" name="test_structured_logging_redacts_nested_secrets" time="0.001" /><testcase classname="tests.test_outbox_worker_rpc" name="test_outbox_worker_classifies_delivery_outcomes" time="0.412" /><testcase classname="tests.test_outbox_worker_rpc" name="test_outbox_worker_drain_delivers_before_shutdown" time="0.460" /><testcase classname="tests.test_outbox_worker_rpc" name="test_outbox_worker_drain_fails_safe_on_database_error" time="0.339" /><testcase classname="tests.test_outbox_worker_rpc" name="test_solana_rpc_paginates_complete_fresh_holder_universe" time="0.002" /><testcase classname="tests.test_outbox_worker_rpc" name="test_solana_rpc_rejects_stale_holder_index" time="0.002" /><testcase classname="tests.test_outbox_worker_rpc" name="test_solana_rpc_rejects_incomplete_holder_supply" time="0.002" /><testcase classname="tests.test_persistent_paper" name="test_paper_entry_commits_atomic_idempotent_row_set" time="0.463" /><testcase classname="tests.test_raw_event_replay" name="test_raw_event_replay_is_deterministic_and_offline" time="0.031" /><testcase classname="tests.test_registry_security" name="test_pumpswap_effective_quote_reserves_include_virtual_value" time="0.001" /><testcase classname="tests.test_registry_security" name="test_holder_balances_are_aggregated_by_owner_and_system_accounts_excluded" time="0.001" /><testcase classname="tests.test_registry_security" name="test_off_curve_program_owner_is_excluded_from_holder_concentration" time="0.001" /><testcase classname="tests.test_registry_security" name="test_security_engine_accepts_complete_safe_context" time="0.001" /><testcase classname="tests.test_registry_security" name="test_token_2022_and_stale_data_are_always_rejected" time="0.001" /><testcase classname="tests.test_replay" name="test_replay_run_is_deterministic_for_same_seed" time="0.069" /><testcase classname="tests.test_replay" name="test_replay_run_records_by_strategy_version_and_seed" time="0.027" /><testcase classname="tests.test_replay_golden" name="test_replay_matches_golden_artifact" time="0.016" /><testcase classname="tests.test_replay_speed" name="test_replay_speed_wall_time_divisors_and_legacy_aliases" time="0.001" /><testcase classname="tests.test_report_statistics" name="test_reports_count_a_position_once_and_include_required_statistics" time="0.008" /><testcase classname="tests.test_report_statistics" name="test_daily_risk_pnl_uses_configured_iana_timezone" time="0.006" /><testcase classname="tests.test_report_timezone" name="test_daily_report_uses_dst_aware_kyiv_boundaries" time="0.061" /><testcase classname="tests.test_risk" name="test_risk_blocks_when_daily_entry_limit_reached" time="0.002" /><testcase classname="tests.test_risk" name="test_risk_allows_within_daily_entry_limit" time="0.002" /><testcase classname="tests.test_risk" name="test_risk_blocks_when_consecutive_losses_reach_limit" time="0.002" /><testcase classname="tests.test_risk" name="test_risk_allows_after_positive_fill_breaks_loss_streak" time="0.002" /><testcase classname="tests.test_risk" name="test_risk_hard_drawdown_halt_is_not_cleared_by_resume" time="0.002" /><testcase classname="tests.test_risk" name="test_risk_manual_halt_can_be_resumed" time="0.002" /><testcase classname="tests.test_runtime_exit_flow" name="test_runtime_evaluate_and_close_exits_takes_profit" time="1.233" /><testcase classname="tests.test_runtime_exit_flow" name="test_runtime_evaluate_and_close_exits_stops_loss" time="1.249" /><testcase classname="tests.test_runtime_exit_flow" name="test_runtime_evaluate_and_close_exits_respects_max_positions_limit" time="2.431" /><testcase classname="tests.test_runtime_exit_flow" name="test_service_process_exits_counts_only_actual_closes" time="1.227" /><testcase classname="tests.test_runtime_exit_flow" name="test_record_mode_blocks_process_exits" time="0.008" /><testcase classname="tests.test_runtime_exit_flow" name="test_runtime_evaluate_and_close_exits_no_positions_returns_empty" time="0.008" /><testcase classname="tests.test_runtime_exit_flow" name="test_runtime_evaluate_and_close_exits_keeps_position_when_no_exit_signal" time="1.227" /><testcase classname="tests.test_runtime_exit_flow" name="test_transient_mark_quote_failure_does_not_close_position" time="1.212" /><testcase classname="tests.test_runtime_modes" name="test_record_mode_disables_paper_broker" time="0.007" /><testcase classname="tests.test_runtime_modes" name="test_paper_mode_enables_broker" time="0.007" /><testcase classname="tests.test_runtime_modes" name="test_service_forbidden_in_record_mode" time="0.009" /><testcase classname="tests.test_runtime_modes" name="test_runtime_includes_admin_in_allowlist" time="0.008" /><testcase classname="tests.test_runtime_reports" name="test_reports_build_with_no_trades" time="0.008" /><testcase classname="tests.test_runtime_reports" name="test_daily_report_matches_ledger_reconcile_in_realized_pnl" time="0.012" /><testcase classname="tests.test_runtime_reports" name="test_daily_report_if_not_sent_is_idempotent" time="0.011" /><testcase classname="tests.test_service" name="test_service_forwards_order_id_to_broker_calls" time="0.002" /><testcase classname="tests.test_service" name="test_service_in_record_mode_raises" time="0.002" /><testcase classname="tests.test_service" name="test_service_sends_risk_alert_when_open_is_blocked" time="0.001" /><testcase classname="tests.test_telegram_notifier" name="test_telegram_worker_sends_message_via_httpx" time="0.002" /><testcase classname="tests.test_unrecoverable_exit" name="test_missing_sell_route_closes_at_zero_as_unrecoverable" time="0.007" /><testcase classname="tests.test_wallet_analysis" name="test_same_initial_funder_is_strong_cluster_evidence" time="0.001" /><testcase classname="tests.test_wallet_analysis" name="test_developer_history_query_does_not_use_future_tokens" time="0.001" /></testsuite></testsuites>